{
    "data": {
        "articles": {
            "data": [],
            "links": [
                {
                    "url": null,
                    "label": "&laquo; Previous",
                    "active": false
                },
                {
                    "url": "https:\/\/test.aidingapp.local\/api\/portal\/search?page=1",
                    "label": "1",
                    "active": true
                },
                {
                    "url": null,
                    "label": "Next &raquo;",
                    "active": false
                }
            ],
            "meta": {
                "current_page": 1,
                "first_page_url": "https:\/\/test.aidingapp.local\/api\/portal\/search?page=1",
                "from": null,
                "last_page": 1,
                "last_page_url": "https:\/\/test.aidingapp.local\/api\/portal\/search?page=1",
                "next_page_url": null,
                "path": "https:\/\/test.aidingapp.local\/api\/portal\/search",
                "per_page": 5,
                "prev_page_url": null,
                "to": null,
                "total": 0
            }
        },
        "categories": [
            {
                "slug": "innovative-learning-approaches",
                "name": "Innovative Learning Approaches",
                "description": "Explore new methods and tools that are revolutionizing the way we teach and learn.",
                "icon": null,
                "parentCategory": null,
                "subCategories": null
            }
        ]
    }
}