{"data":{"articles":{"data":[{"id":"9dbe944d-330e-40c1-94b2-3312b07a7588","categorySlug":"educational-trends-and-insights","name":"Gamification in Education: Transforming Classrooms into Playgrounds","lastUpdated":null,"content":null,"tags":[],"vote":null,"featured":false}],"links":[{"url":null,"label":"&laquo; Previous","active":false},{"url":"https:\/\/test.aidingapp.local\/api\/portal\/search?page=1","label":"1","active":true},{"url":null,"label":"Next &raquo;","active":false}],"meta":{"current_page":1,"first_page_url":"https:\/\/test.aidingapp.local\/api\/portal\/search?page=1","from":1,"last_page":1,"last_page_url":"https:\/\/test.aidingapp.local\/api\/portal\/search?page=1","next_page_url":null,"path":"https:\/\/test.aidingapp.local\/api\/portal\/search","per_page":5,"prev_page_url":null,"to":1,"total":1}},"categories":[{"slug":"educational-trends-and-insights","name":"Educational Trends and Insights","description":"Focus on the latest developments, research, and innovative ideas shaping the future of education across the globe.","icon":null,"parentCategory":null,"subCategories":null}]}}